// Jest Snapshot v1, https://goo.gl/fbAQLP

exports[`Auth Component renders correctly 1`] = `
<RCTSafeAreaView
  style={
    {
      "alignItems": "center",
      "backgroundColor": "#FFFFFF",
      "flex": 1,
      "justifyContent": "flex-end",
      "padding": 20,
    }
  }
>
  <Text
    style={
      {
        "fontSize": 18,
        "fontWeight": "500",
        "marginBottom": 15,
        "textAlign": "center",
      }
    }
  >
    Set Authentication to Proceed
  </Text>
  <View
    accessibilityState={
      {
        "busy": undefined,
        "checked": undefined,
        "disabled": undefined,
        "expanded": undefined,
        "selected": undefined,
      }
    }
    accessibilityValue={
      {
        "max": undefined,
        "min": undefined,
        "now": undefined,
        "text": undefined,
      }
    }
    accessible={true}
    collapsable={false}
    focusable={true}
    onClick={[Function]}
    onResponderGrant={[Function]}
    onResponderMove={[Function]}
    onResponderRelease={[Function]}
    onResponderTerminate={[Function]}
    onResponderTerminationRequest={[Function]}
    onStartShouldSetResponder={[Function]}
    style={
      {
        "backgroundColor": "#034096",
        "borderRadius": 100,
        "opacity": 1,
        "paddingHorizontal": 30,
        "paddingVertical": 12,
      }
    }
    testID="buttonTestID"
  >
    <Text
      style={
        {
          "color": "#FFFFFF",
          "fontSize": 18,
          "fontWeight": "bold",
        }
      }
    >
      Go to Settings
    </Text>
  </View>
</RCTSafeAreaView>
`;
